  Γû▓ Next.js 14.2.5

   Creating an optimized production build ...
 Γ£ô Compiled successfully
   Linting and checking validity of types ...
node.exe : Failed to 
compile.
At line:1 char:1
+ & "C:\Program 
Files\nodejs/node.exe" 
"C:\Program 
Files\nodejs/node_mo ...
+ ~~~~~~~~~~~~~~~~~~~~~~~~
~~~~~~~~~~~~~~~~~~~~~~~~~~
~~~~~~~~~~~~~~~~~~~
    + CategoryInfo        
      : NotSpecified    : 
(Failed to compil    
e.:String) [], Remo    
teException
    + FullyQualifiedErr   
 orId : NativeComman    
dError
 

./hooks/useParticles.ts:19
:25
Type error: 'cvs' is 
possibly 'null'.

[0m [90m 17 |[39m     
[36mconst[39m ctx 
[33m=[39m cvs[33m.[39m
getContext([32m'2d'[39m)
[33m![39m[33m;[39m[0m
[0m [90m 18 |[39m[0m
[0m[31m[1m>[22m[39m[
90m 19 |[39m     
[36mfunction[39m 
resize() { cvs[33m.[39mw
idth[33m=[39minnerWidth
[33m;[39m cvs[33m.[39mh
eight[33m=[39minnerHeigh
t[33m;[39m }[0m
[0m [90m    |[39m      
                   
[31m[1m^[22m[39m[0m
[0m [90m 20 |[39m     
resize()[33m;[39m[0m
[0m [90m 21 |[39m     a
ddEventListener([32m'resi
ze'[39m[33m,[39m 
resize)[33m;[39m[0m
[0m [90m 22 |[39m[0m
